#### A masked pattern was here ####
PREHOOK: type: EXPORT
#### A masked pattern was here ####
POSTHOOK: type: EXPORT
#### A masked pattern was here ####
PREHOOK: type: EXPORT
#### A masked pattern was here ####
POSTHOOK: type: EXPORT
